
[1m[30m[46m RUN [49m[39m[22m [36mv4.1.7 [39m[90mD:/auora.in[39m

node.exe : [90mstderr[2m | src/pages/test/Checkout.test.jsx[2m > [22m[2mCheckout Page[2m > [22m[2mrenders 
checkout layout, shipping options, saved addresses, payment methods, and items summary correctly
At C:\Program Files\nodejs\npx.ps1:29 char:3
+   & $NODE_EXE $NPX_CLI_JS $args
+   ~~~~~~~~~~~~~~~~~~~~~~~~~~~~~
    + CategoryInfo          : NotSpecified: ([90mstderr[2m...mmary correctly:String) [], RemoteException
    + FullyQualifiedErrorId : NativeCommandError
 
[22m[39mEach child in a list should have a unique "key" prop.

Check the render method of `Checkout`. See https://react.dev/link/warning-keys for more information.

 [31mΓ¥»[39m src/pages/test/Checkout.test.jsx [2m([22m[2m8 tests[22m[2m | [22m[31m4 failed[39m[2m)[22m[33m 676[2mms[22m[39m
     [32mΓ£ô[39m renders empty cart state correctly[32m 133[2mms[22m[39m
[31m     [31m├ù[31m renders checkout layout, shipping options, saved addresses, payment methods, and items summary correctly[39m[32m 103[2mms[22m[39m
[31m     [31m├ù[31m validates pincode inputs showing error or standard success messages[39m[32m 79[2mms[22m[39m
[31m     [31m├ù[31m automatically checks and sets delivery when selecting a saved address card[39m[32m 22[2mms[22m[39m
     [32mΓ£ô[39m allows adding a new address and automatically selects it[32m 167[2mms[22m[39m
     [32mΓ£ô[39m submits manual promo code and clicks quick apply offers successfully[32m 67[2mms[22m[39m
     [32mΓ£ô[39m renders coupon applied state correctly and handles removal[32m 36[2mms[22m[39m
[31m     [31m├ù[31m places order, displays order success modal, and continues shopping correctly[39m[32m 65[2mms[22m[39m

[31mΓÄ»ΓÄ»ΓÄ»ΓÄ»ΓÄ»ΓÄ»ΓÄ»[39m[1m[41m Failed Tests 4 [49m[22m[31mΓÄ»ΓÄ»ΓÄ»ΓÄ»ΓÄ»ΓÄ»ΓÄ»[39m

[41m[1m FAIL [22m[49m src/pages/test/Checkout.test.jsx[2m > [22mCheckout Page[2m > [22mrenders checkout 
layout, shipping options, saved addresses, payment methods, and items summary correctly
[31m[1mTestingLibraryElementError[22m[39m: Unable to find an element with the text: Home (Default). This could be 
because the text is broken up by multiple elements. In this case, you can provide a function for your text matcher to 
make your matcher more flexible.

Ignored nodes: comments, script, style
[36m<body>[39m
  [36m<div>[39m
    [36m<div[39m
      [33mclass[39m=[32m"checkout-page"[39m
    [36m>[39m
      [36m<div[39m
        [33mclass[39m=[32m"section-header"[39m
        [33mstyle[39m=[32m"margin-bottom: 32px; display: flex; justify-content: space-between; align-items: 
center;"[39m
      [36m>[39m
        [36m<div>[39m
          [36m<span[39m
            [33mclass[39m=[32m"section-subtitle"[39m
          [36m>[39m
            [0mSecure Checkout[0m
          [36m</span>[39m
          [36m<h1[39m
            [33mclass[39m=[32m"section-title"[39m
            [33mstyle[39m=[32m"font-family: var(--font-serif); font-size: 2rem; color: var(--text-dark);"[39m
          [36m>[39m
            [0mCheckout[0m
          [36m</h1>[39m
        [36m</div>[39m
        [36m<a[39m
          [33mclass[39m=[32m"btn btn-outline"[39m
          [33mdata-discover[39m=[32m"true"[39m
          [33mhref[39m=[32m"/shop"[39m
          [33mstyle[39m=[32m"padding: 8px 16px; font-size: 0.9rem;"[39m
        [36m>[39m
          [36m<svg[39m
            [33maria-hidden[39m=[32m"true"[39m
            [33mclass[39m=[32m"lucide lucide-arrow-left icon-xs"[39m
            [33mfill[39m=[32m"none"[39m
            [33mheight[39m=[32m"24"[39m
            [33mstroke[39m=[32m"currentColor"[39m
            [33mstroke-linecap[39m=[32m"round"[39m
            [33mstroke-linejoin[39m=[32m"round"[39m
            [33mstroke-width[39m=[32m"2"[39m
            [33mviewBox[39m=[32m"0 0 24 24"[39m
            [33mwidth[39m=[32m"24"[39m
            [33mxmlns[39m=[32m"http://www.w3.org/2000/svg"[39m
          [36m>[39m
            [36m<path[39m
              [33md[39m=[32m"m12 19-7-7 7-7"[39m
            [36m/>[39m
            [36m<path[39m
              [33md[39m=[32m"M19 12H5"[39m
            [36m/>[39m
          [36m</svg>[39m
          [36m<span>[39m
            [0mBack to Shop[0m
          [36m</span>[39m
        [36m</a>[39m
      [36m</div>[39m
      [36m<div[39m
        [33mclass[39m=[32m"checkout-layout"[39m
      [36m>[39m
        [36m<div[39m
          [33mclass[39m=[32m"checkout-main"[39m
        [36m>[39m
          [36m<div[39m
            [33mclass[39m=[32m"checkout-card"[39m
          [36m>[39m
            [36m<div[39m
              [33mclass[39m=[32m"card-title-area"[39m
            [36m>[39m
              [36m<div[39m
                [33mclass[39m=[32m"card-title-icon"[39m
              [36m>[39m
                [36m<svg[39m
                  [33maria-hidden[39m=[32m"true"[39m
                  [33mclass[39m=[32m"lucide lucide-truck icon-sm"[39m
                  [33mfill[39m=[32m"none"[39m
                  [33mheight[39m=[32m"24"[39m
                  [33mstroke[39m=[32m"currentColor"[39m
                  [33mstroke-linecap[39m=[32m"round"[39m
                  [33mstroke-linejoin[39m=[32m"round"[39m
                  [33mstroke-width[39m=[32m"2"[39m
                  [33mviewBox[39m=[32m"0 0 24 24"[39m
                  [33mwidth[39m=[32m"24"[39m
                  [33mxmlns[39m=[32m"http://www.w3.org/2000/svg"[39m
                [36m>[39m
                  [36m<path[39m
                    [33md[39m=[32m"M14 18V6a2 2 0 0 0-2-2H4a2 2 0 0 0-2 2v11a1 1 0 0 0 1 1h2"[39m
                  [36m/>[39m
                  [36m<path[39m
                    [33md[39m=[32m"M15 18H9"[39m
                  [36m/>[39m
                  [36m<path[39m
                    [33md[39m=[32m"M19 18h2a1 1 0 0 0 1-1v-3.65a1 1 0 0 0-.22-.624l-3.48-4.35A1 1 0 0 0 17.52 
8H14"[39m
                  [36m/>[39m
                  [36m<circle[39m
                    [33mcx[39m=[32m"17"[39m
                    [33mcy[39m=[32m"18"[39m
                    [33mr[39m=[32m"2"[39m
                  [36m/>[39m
                  [36m<circle[39m
                    [33mcx[39m=[32m"7"[39m
                    [33mcy[39m=[32m"18"[39m
                    [33mr[39m=[32m"2"[39m
                  [36m/>[39m
                [36m</svg>[39m
              [36m</div>[39m
              [36m<h3>[39m
                [0m1. Delivery Availability & Pincode[0m
              [36m</h3>[39m
            [36m</div>[39m
            [36m<div[39m
              [33mclass[39m=[32m"pincode-checker-box"[39m
            [36m>[39m
              [36m<p[39m
                [33mstyle[39m=[32m"font-size: 0.9rem; color: var(--text-muted); margin-bottom: 4px;"[39m
              [36m>[39m
                [0mEnter your delivery pincode to check service availability. Enjoy static guaranteed 5-day delivery 
on all orders.[0m
              [36m</p>[39m
              [36m<form[39m
                [33mclass[39m=[32m"pincode-input-row"[39m
              [36m>[39m
                [36m<input[39m
                  [33mclass[39m=[32m"checkout-input"[39m
                  [33mmaxlength[39m=[32m"6"[39m
                  [33mplaceholder[39m=[32m"Enter 6-digit Pincode (e.g. 201301)"[39m
                  [33mtype[39m=[32m"text"[39m
                  [33mvalue[39m=[32m""[39m
                [36m/>[39m
                [36m<button[39m
                  [33mclass[39m=[32m"btn btn-primary"[39m
                  [33mstyle[39m=[32m"border-radius: var(--radius-sm);"[39m
                  [33mtype[39m=[32m"submit"[39m
                [36m>[39m
                  [0mCheck[0m
                [36m</button>[39m
              [36m</form>[39m
              [36m<div[39m
                [33mclass[39m=[32m"delivery-badge-card"[39m
              [36m>[39m
                [36m<svg[39m
                  [33maria-hidden[39m=[32m"true"[39m
                  [33mclass[39m=[32m"lucide lucide-calendar icon-sm"[39m
                  [33mfill[39m=[32m"none"[39m
                  [33mheight[39m=[32m"24"[39m
                  [33mstroke[39m=[32m"currentColor"[39m
                  [33mstroke-linecap[39m=[32m"round"[39m
                  [33mstroke-linejoin[39m=[32m"round"[39m
                  [33mstroke-width[39m=[32m"2"[39m
                  [33mstyle[39m=[32m"color: var(--accent-color);"[39m
                  [33mviewBox[39m=[32m"0 0 24 24"[39m
                  [33mwidth[39m=[32m"24"[39m
                  [33mxmlns[39m=[32m"http://www.w3.org/2000/svg"[39m
                [36m>[39m
                  [36m<path[39m
                    [33md[39m=[32m"M8 2v4"[39m
                  [36m/>[39m
                  [36m<path[39m
                    [33md[39m=[32m"M16 2v4"[39m
                  [36m/>[39m
                  [36m<rect[39m
                    [33mheight[39m=[32m"18"[39m
                    [33mrx[39m=[32m"2"[39m
                    [33mwidth[39m=[32m"18"[3...
[90m [2mΓ¥»[22m Object.getElementError node_modules/@testing-library/dom/dist/config.js:[2m37:19[22m[39m
[90m [2mΓ¥»[22m node_modules/@testing-library/dom/dist/query-helpers.js:[2m76:38[22m[39m
[90m [2mΓ¥»[22m node_modules/@testing-library/dom/dist/query-helpers.js:[2m52:17[22m[39m
[90m [2mΓ¥»[22m node_modules/@testing-library/dom/dist/query-helpers.js:[2m95:19[22m[39m
[36m [2mΓ¥»[22m src/pages/test/Checkout.test.jsx:[2m126:19[22m[39m
    [90m124|[39m
    [90m125|[39m     [90m// Saved Addresses[39m
    [90m126|[39m     [34mexpect[39m(screen[33m.[39m[34mgetByText[39m([32m'Home 
(Default)'[39m))[33m.[39m[34mtoBeInTheDocument[39m()
    [90m   |[39m                   [31m^[39m
    [90m127|[39m     
[34mexpect[39m(screen[33m.[39m[34mgetByText[39m([32m'Office'[39m))[33m.[39m[34mtoBeInTheDocument[39m()
    [90m128|[39m     expect(screen.getByText('Prateek Sharma', { selector: '.address-naΓÇª

[31m[2mΓÄ»ΓÄ»ΓÄ»ΓÄ»ΓÄ»ΓÄ»ΓÄ»ΓÄ»ΓÄ»ΓÄ»ΓÄ»ΓÄ»ΓÄ»ΓÄ»ΓÄ»ΓÄ»ΓÄ»ΓÄ»ΓÄ»ΓÄ»ΓÄ»ΓÄ»ΓÄ»ΓÄ»[1/4]ΓÄ»[22m[39m

[41m[1m FAIL [22m[49m src/pages/test/Checkout.test.jsx[2m > [22mCheckout Page[2m > [22mvalidates pincode 
inputs showing error or standard success messages
[31m[1mTestingLibraryElementError[22m[39m: Unable to find an element with the text: Please enter a valid 6-digit 
pincode.. This could be because the text is broken up by multiple elements. In this case, you can provide a function 
for your text matcher to make your matcher more flexible.

Ignored nodes: comments, script, style
[36m<body>[39m
  [36m<div>[39m
    [36m<div[39m
      [33mclass[39m=[32m"checkout-page"[39m
    [36m>[39m
      [36m<div[39m
        [33mclass[39m=[32m"section-header"[39m
        [33mstyle[39m=[32m"margin-bottom: 32px; display: flex; justify-content: space-between; align-items: 
center;"[39m
      [36m>[39m
        [36m<div>[39m
          [36m<span[39m
            [33mclass[39m=[32m"section-subtitle"[39m
          [36m>[39m
            [0mSecure Checkout[0m
          [36m</span>[39m
          [36m<h1[39m
            [33mclass[39m=[32m"section-title"[39m
            [33mstyle[39m=[32m"font-family: var(--font-serif); font-size: 2rem; color: var(--text-dark);"[39m
          [36m>[39m
            [0mCheckout[0m
          [36m</h1>[39m
        [36m</div>[39m
        [36m<a[39m
          [33mclass[39m=[32m"btn btn-outline"[39m
          [33mdata-discover[39m=[32m"true"[39m
          [33mhref[39m=[32m"/shop"[39m
          [33mstyle[39m=[32m"padding: 8px 16px; font-size: 0.9rem;"[39m
        [36m>[39m
          [36m<svg[39m
            [33maria-hidden[39m=[32m"true"[39m
            [33mclass[39m=[32m"lucide lucide-arrow-left icon-xs"[39m
            [33mfill[39m=[32m"none"[39m
            [33mheight[39m=[32m"24"[39m
            [33mstroke[39m=[32m"currentColor"[39m
            [33mstroke-linecap[39m=[32m"round"[39m
            [33mstroke-linejoin[39m=[32m"round"[39m
            [33mstroke-width[39m=[32m"2"[39m
            [33mviewBox[39m=[32m"0 0 24 24"[39m
            [33mwidth[39m=[32m"24"[39m
            [33mxmlns[39m=[32m"http://www.w3.org/2000/svg"[39m
          [36m>[39m
            [36m<path[39m
              [33md[39m=[32m"m12 19-7-7 7-7"[39m
            [36m/>[39m
            [36m<path[39m
              [33md[39m=[32m"M19 12H5"[39m
            [36m/>[39m
          [36m</svg>[39m
          [36m<span>[39m
            [0mBack to Shop[0m
          [36m</span>[39m
        [36m</a>[39m
      [36m</div>[39m
      [36m<div[39m
        [33mclass[39m=[32m"checkout-layout"[39m
      [36m>[39m
        [36m<div[39m
          [33mclass[39m=[32m"checkout-main"[39m
        [36m>[39m
          [36m<div[39m
            [33mclass[39m=[32m"checkout-card"[39m
          [36m>[39m
            [36m<div[39m
              [33mclass[39m=[32m"card-title-area"[39m
            [36m>[39m
              [36m<div[39m
                [33mclass[39m=[32m"card-title-icon"[39m
              [36m>[39m
                [36m<svg[39m
                  [33maria-hidden[39m=[32m"true"[39m
                  [33mclass[39m=[32m"lucide lucide-truck icon-sm"[39m
                  [33mfill[39m=[32m"none"[39m
                  [33mheight[39m=[32m"24"[39m
                  [33mstroke[39m=[32m"currentColor"[39m
                  [33mstroke-linecap[39m=[32m"round"[39m
                  [33mstroke-linejoin[39m=[32m"round"[39m
                  [33mstroke-width[39m=[32m"2"[39m
                  [33mviewBox[39m=[32m"0 0 24 24"[39m
                  [33mwidth[39m=[32m"24"[39m
                  [33mxmlns[39m=[32m"http://www.w3.org/2000/svg"[39m
                [36m>[39m
                  [36m<path[39m
                    [33md[39m=[32m"M14 18V6a2 2 0 0 0-2-2H4a2 2 0 0 0-2 2v11a1 1 0 0 0 1 1h2"[39m
                  [36m/>[39m
                  [36m<path[39m
                    [33md[39m=[32m"M15 18H9"[39m
                  [36m/>[39m
                  [36m<path[39m
                    [33md[39m=[32m"M19 18h2a1 1 0 0 0 1-1v-3.65a1 1 0 0 0-.22-.624l-3.48-4.35A1 1 0 0 0 17.52 
8H14"[39m
                  [36m/>[39m
                  [36m<circle[39m
                    [33mcx[39m=[32m"17"[39m
                    [33mcy[39m=[32m"18"[39m
                    [33mr[39m=[32m"2"[39m
                  [36m/>[39m
                  [36m<circle[39m
                    [33mcx[39m=[32m"7"[39m
                    [33mcy[39m=[32m"18"[39m
                    [33mr[39m=[32m"2"[39m
                  [36m/>[39m
                [36m</svg>[39m
              [36m</div>[39m
              [36m<h3>[39m
                [0m1. Delivery Availability & Pincode[0m
              [36m</h3>[39m
            [36m</div>[39m
            [36m<div[39m
              [33mclass[39m=[32m"pincode-checker-box"[39m
            [36m>[39m
              [36m<p[39m
                [33mstyle[39m=[32m"font-size: 0.9rem; color: var(--text-muted); margin-bottom: 4px;"[39m
              [36m>[39m
                [0mEnter your delivery pincode to check service availability. Enjoy static guaranteed 5-day delivery 
on all orders.[0m
              [36m</p>[39m
              [36m<form[39m
                [33mclass[39m=[32m"pincode-input-row"[39m
              [36m>[39m
                [36m<input[39m
                  [33mclass[39m=[32m"checkout-input"[39m
                  [33mmaxlength[39m=[32m"6"[39m
                  [33mplaceholder[39m=[32m"Enter 6-digit Pincode (e.g. 201301)"[39m
                  [33mtype[39m=[32m"text"[39m
                  [33mvalue[39m=[32m""[39m
                [36m/>[39m
                [36m<button[39m
                  [33mclass[39m=[32m"btn btn-primary"[39m
                  [33mstyle[39m=[32m"border-radius: var(--radius-sm);"[39m
                  [33mtype[39m=[32m"submit"[39m
                [36m>[39m
                  [0mCheck[0m
                [36m</button>[39m
              [36m</form>[39m
              [36m<div[39m
                [33mclass[39m=[32m"pincode-result error"[39m
              [36m>[39m
                [36m<svg[39m
                  [33maria-hidden[39m=[32m"true"[39m
                  [33mclass[39m=[32m"lucide lucide-circle-alert icon-xs"[39m
                  [33mfill[39m=[32m"none"[39m
                  [33mheight[39m=[32m"24"[39m
                  [33mstroke[39m=[32m"currentColor"[39m
                  [33mstroke-linecap[39m=[32m"round"[39m
                  [33mstroke-linejoin[39m=[32m"round"[39m
                  [33mstroke-width[39m=[32m"2"[39m
                  [33mstyle[39m=[32m"margin-top: 2px; flex-shrink: 0;"[39m
                  [33mviewBox[39m=[32m"0 0 24 24"[39m
                  [33mwidth[39m=[32m"24"[39m
                  [33mxmlns[39m=[32m"http://www.w3.org/2000/svg"[39m
                [36m>[39m
                  [36m<circle[39m
                    [33mcx[39m=[32m"12"[39m
                    [33mcy[39m=[32m"12"[39m
                    [33mr[39m=[32m"10"[39m
                  [36m/>[39m
                  [36m<line[39m
                    [33mx1[39m=[32m"12"[39m
                    [33mx2[39m=[32m"12"[39m
                    [33my1[39m=[32m"8"[39m
                 ...
[90m [2mΓ¥»[22m Object.getElementError node_modules/@testing-library/dom/dist/config.js:[2m37:19[22m[39m
[90m [2mΓ¥»[22m node_modules/@testing-library/dom/dist/query-helpers.js:[2m76:38[22m[39m
[90m [2mΓ¥»[22m node_modules/@testing-library/dom/dist/query-helpers.js:[2m52:17[22m[39m
[90m [2mΓ¥»[22m node_modules/@testing-library/dom/dist/query-helpers.js:[2m95:19[22m[39m
[36m [2mΓ¥»[22m src/pages/test/Checkout.test.jsx:[2m191:19[22m[39m
    [90m189|[39m     fireEvent[33m.[39m[34mchange[39m(input[33m,[39m { target[33m:[39m { value[33m:[39m 
[32m'abc'[39m } })
    [90m190|[39m     fireEvent[33m.[39m[34mclick[39m(checkBtn)
    [90m191|[39m     expect(screen.getByText('Please enter a valid 6-digit pincode.')).ΓÇª
    [90m   |[39m                   [31m^[39m
    [90m192|[39m
    [90m193|[39m     [90m// Test valid 6-digit pincode[39m

[31m[2mΓÄ»ΓÄ»ΓÄ»ΓÄ»ΓÄ»ΓÄ»ΓÄ»ΓÄ»ΓÄ»ΓÄ»ΓÄ»ΓÄ»ΓÄ»ΓÄ»ΓÄ»ΓÄ»ΓÄ»ΓÄ»ΓÄ»ΓÄ»ΓÄ»ΓÄ»ΓÄ»ΓÄ»[2/4]ΓÄ»[22m[39m

[41m[1m FAIL [22m[49m src/pages/test/Checkout.test.jsx[2m > [22mCheckout Page[2m > [22mautomatically checks 
and sets delivery when selecting a saved address card
[31m[1mTestingLibraryElementError[22m[39m: Unable to find an element with the text: Office. This could be because 
the text is broken up by multiple elements. In this case, you can provide a function for your text matcher to make 
your matcher more flexible.

Ignored nodes: comments, script, style
[36m<body>[39m
  [36m<div>[39m
    [36m<div[39m
      [33mclass[39m=[32m"checkout-page"[39m
    [36m>[39m
      [36m<div[39m
        [33mclass[39m=[32m"section-header"[39m
        [33mstyle[39m=[32m"margin-bottom: 32px; display: flex; justify-content: space-between; align-items: 
center;"[39m
      [36m>[39m
        [36m<div>[39m
          [36m<span[39m
            [33mclass[39m=[32m"section-subtitle"[39m
          [36m>[39m
            [0mSecure Checkout[0m
          [36m</span>[39m
          [36m<h1[39m
            [33mclass[39m=[32m"section-title"[39m
            [33mstyle[39m=[32m"font-family: var(--font-serif); font-size: 2rem; color: var(--text-dark);"[39m
          [36m>[39m
            [0mCheckout[0m
          [36m</h1>[39m
        [36m</div>[39m
        [36m<a[39m
          [33mclass[39m=[32m"btn btn-outline"[39m
          [33mdata-discover[39m=[32m"true"[39m
          [33mhref[39m=[32m"/shop"[39m
          [33mstyle[39m=[32m"padding: 8px 16px; font-size: 0.9rem;"[39m
        [36m>[39m
          [36m<svg[39m
            [33maria-hidden[39m=[32m"true"[39m
            [33mclass[39m=[32m"lucide lucide-arrow-left icon-xs"[39m
            [33mfill[39m=[32m"none"[39m
            [33mheight[39m=[32m"24"[39m
            [33mstroke[39m=[32m"currentColor"[39m
            [33mstroke-linecap[39m=[32m"round"[39m
            [33mstroke-linejoin[39m=[32m"round"[39m
            [33mstroke-width[39m=[32m"2"[39m
            [33mviewBox[39m=[32m"0 0 24 24"[39m
            [33mwidth[39m=[32m"24"[39m
            [33mxmlns[39m=[32m"http://www.w3.org/2000/svg"[39m
          [36m>[39m
            [36m<path[39m
              [33md[39m=[32m"m12 19-7-7 7-7"[39m
            [36m/>[39m
            [36m<path[39m
              [33md[39m=[32m"M19 12H5"[39m
            [36m/>[39m
          [36m</svg>[39m
          [36m<span>[39m
            [0mBack to Shop[0m
          [36m</span>[39m
        [36m</a>[39m
      [36m</div>[39m
      [36m<div[39m
        [33mclass[39m=[32m"checkout-layout"[39m
      [36m>[39m
        [36m<div[39m
          [33mclass[39m=[32m"checkout-main"[39m
        [36m>[39m
          [36m<div[39m
            [33mclass[39m=[32m"checkout-card"[39m
          [36m>[39m
            [36m<div[39m
              [33mclass[39m=[32m"card-title-area"[39m
            [36m>[39m
              [36m<div[39m
                [33mclass[39m=[32m"card-title-icon"[39m
              [36m>[39m
                [36m<svg[39m
                  [33maria-hidden[39m=[32m"true"[39m
                  [33mclass[39m=[32m"lucide lucide-truck icon-sm"[39m
                  [33mfill[39m=[32m"none"[39m
                  [33mheight[39m=[32m"24"[39m
                  [33mstroke[39m=[32m"currentColor"[39m
                  [33mstroke-linecap[39m=[32m"round"[39m
                  [33mstroke-linejoin[39m=[32m"round"[39m
                  [33mstroke-width[39m=[32m"2"[39m
                  [33mviewBox[39m=[32m"0 0 24 24"[39m
                  [33mwidth[39m=[32m"24"[39m
                  [33mxmlns[39m=[32m"http://www.w3.org/2000/svg"[39m
                [36m>[39m
                  [36m<path[39m
                    [33md[39m=[32m"M14 18V6a2 2 0 0 0-2-2H4a2 2 0 0 0-2 2v11a1 1 0 0 0 1 1h2"[39m
                  [36m/>[39m
                  [36m<path[39m
                    [33md[39m=[32m"M15 18H9"[39m
                  [36m/>[39m
                  [36m<path[39m
                    [33md[39m=[32m"M19 18h2a1 1 0 0 0 1-1v-3.65a1 1 0 0 0-.22-.624l-3.48-4.35A1 1 0 0 0 17.52 
8H14"[39m
                  [36m/>[39m
                  [36m<circle[39m
                    [33mcx[39m=[32m"17"[39m
                    [33mcy[39m=[32m"18"[39m
                    [33mr[39m=[32m"2"[39m
                  [36m/>[39m
                  [36m<circle[39m
                    [33mcx[39m=[32m"7"[39m
                    [33mcy[39m=[32m"18"[39m
                    [33mr[39m=[32m"2"[39m
                  [36m/>[39m
                [36m</svg>[39m
              [36m</div>[39m
              [36m<h3>[39m
                [0m1. Delivery Availability & Pincode[0m
              [36m</h3>[39m
            [36m</div>[39m
            [36m<div[39m
              [33mclass[39m=[32m"pincode-checker-box"[39m
            [36m>[39m
              [36m<p[39m
                [33mstyle[39m=[32m"font-size: 0.9rem; color: var(--text-muted); margin-bottom: 4px;"[39m
              [36m>[39m
                [0mEnter your delivery pincode to check service availability. Enjoy static guaranteed 5-day delivery 
on all orders.[0m
              [36m</p>[39m
              [36m<form[39m
                [33mclass[39m=[32m"pincode-input-row"[39m
              [36m>[39m
                [36m<input[39m
                  [33mclass[39m=[32m"checkout-input"[39m
                  [33mmaxlength[39m=[32m"6"[39m
                  [33mplaceholder[39m=[32m"Enter 6-digit Pincode (e.g. 201301)"[39m
                  [33mtype[39m=[32m"text"[39m
                  [33mvalue[39m=[32m""[39m
                [36m/>[39m
                [36m<button[39m
                  [33mclass[39m=[32m"btn btn-primary"[39m
                  [33mstyle[39m=[32m"border-radius: var(--radius-sm);"[39m
                  [33mtype[39m=[32m"submit"[39m
                [36m>[39m
                  [0mCheck[0m
                [36m</button>[39m
              [36m</form>[39m
              [36m<div[39m
                [33mclass[39m=[32m"delivery-badge-card"[39m
              [36m>[39m
                [36m<svg[39m
                  [33maria-hidden[39m=[32m"true"[39m
                  [33mclass[39m=[32m"lucide lucide-calendar icon-sm"[39m
                  [33mfill[39m=[32m"none"[39m
                  [33mheight[39m=[32m"24"[39m
                  [33mstroke[39m=[32m"currentColor"[39m
                  [33mstroke-linecap[39m=[32m"round"[39m
                  [33mstroke-linejoin[39m=[32m"round"[39m
                  [33mstroke-width[39m=[32m"2"[39m
                  [33mstyle[39m=[32m"color: var(--accent-color);"[39m
                  [33mviewBox[39m=[32m"0 0 24 24"[39m
                  [33mwidth[39m=[32m"24"[39m
                  [33mxmlns[39m=[32m"http://www.w3.org/2000/svg"[39m
                [36m>[39m
                  [36m<path[39m
                    [33md[39m=[32m"M8 2v4"[39m
                  [36m/>[39m
                  [36m<path[39m
                    [33md[39m=[32m"M16 2v4"[39m
                  [36m/>[39m
                  [36m<rect[39m
                    [33mheight[39m=[32m"18"[39m
                    [33mrx[39m=[32m"2"[39m
                    [33mwidth[39m=[32m"18"[3...
[90m [2mΓ¥»[22m Object.getElementError node_modules/@testing-library/dom/dist/config.js:[2m37:19[22m[39m
[90m [2mΓ¥»[22m node_modules/@testing-library/dom/dist/query-helpers.js:[2m76:38[22m[39m
[90m [2mΓ¥»[22m node_modules/@testing-library/dom/dist/query-helpers.js:[2m52:17[22m[39m
[90m [2mΓ¥»[22m node_modules/@testing-library/dom/dist/query-helpers.js:[2m95:19[22m[39m
[36m [2mΓ¥»[22m src/pages/test/Checkout.test.jsx:[2m232:31[22m[39m
    [90m230|[39m     )
    [90m231|[39m
    [90m232|[39m     const officeCard = screen.getByText('Office').closest('.address-caΓÇª
    [90m   |[39m                               [31m^[39m
    [90m233|[39m     fireEvent[33m.[39m[34mclick[39m(officeCard)
    [90m234|[39m

[31m[2mΓÄ»ΓÄ»ΓÄ»ΓÄ»ΓÄ»ΓÄ»ΓÄ»ΓÄ»ΓÄ»ΓÄ»ΓÄ»ΓÄ»ΓÄ»ΓÄ»ΓÄ»ΓÄ»ΓÄ»ΓÄ»ΓÄ»ΓÄ»ΓÄ»ΓÄ»ΓÄ»ΓÄ»[3/4]ΓÄ»[22m[39m

[41m[1m FAIL [22m[49m src/pages/test/Checkout.test.jsx[2m > [22mCheckout Page[2m > [22mplaces order, displays 
order success modal, and continues shopping correctly
[31m[1mTestingLibraryElementError[22m[39m: Unable to find an element with the text: Prateek Sharma. This could be 
because the text is broken up by multiple elements. In this case, you can provide a function for your text matcher to 
make your matcher more flexible.

Ignored nodes: comments, script, style
[36m<body>[39m
  [36m<div>[39m
    [36m<div[39m
      [33mclass[39m=[32m"checkout-page"[39m
    [36m>[39m
      [36m<div[39m
        [33mclass[39m=[32m"section-header"[39m
        [33mstyle[39m=[32m"margin-bottom: 32px; display: flex; justify-content: space-between; align-items: 
center;"[39m
      [36m>[39m
        [36m<div>[39m
          [36m<span[39m
            [33mclass[39m=[32m"section-subtitle"[39m
          [36m>[39m
            [0mSecure Checkout[0m
          [36m</span>[39m
          [36m<h1[39m
            [33mclass[39m=[32m"section-title"[39m
            [33mstyle[39m=[32m"font-family: var(--font-serif); font-size: 2rem; color: var(--text-dark);"[39m
          [36m>[39m
            [0mCheckout[0m
          [36m</h1>[39m
        [36m</div>[39m
        [36m<a[39m
          [33mclass[39m=[32m"btn btn-outline"[39m
          [33mdata-discover[39m=[32m"true"[39m
          [33mhref[39m=[32m"/shop"[39m
          [33mstyle[39m=[32m"padding: 8px 16px; font-size: 0.9rem;"[39m
        [36m>[39m
          [36m<svg[39m
            [33maria-hidden[39m=[32m"true"[39m
            [33mclass[39m=[32m"lucide lucide-arrow-left icon-xs"[39m
            [33mfill[39m=[32m"none"[39m
            [33mheight[39m=[32m"24"[39m
            [33mstroke[39m=[32m"currentColor"[39m
            [33mstroke-linecap[39m=[32m"round"[39m
            [33mstroke-linejoin[39m=[32m"round"[39m
            [33mstroke-width[39m=[32m"2"[39m
            [33mviewBox[39m=[32m"0 0 24 24"[39m
            [33mwidth[39m=[32m"24"[39m
            [33mxmlns[39m=[32m"http://www.w3.org/2000/svg"[39m
          [36m>[39m
            [36m<path[39m
              [33md[39m=[32m"m12 19-7-7 7-7"[39m
            [36m/>[39m
            [36m<path[39m
              [33md[39m=[32m"M19 12H5"[39m
            [36m/>[39m
          [36m</svg>[39m
          [36m<span>[39m
            [0mBack to Shop[0m
          [36m</span>[39m
        [36m</a>[39m
      [36m</div>[39m
      [36m<div[39m
        [33mclass[39m=[32m"checkout-layout"[39m
      [36m>[39m
        [36m<div[39m
          [33mclass[39m=[32m"checkout-main"[39m
        [36m>[39m
          [36m<div[39m
            [33mclass[39m=[32m"checkout-card"[39m
          [36m>[39m
            [36m<div[39m
              [33mclass[39m=[32m"card-title-area"[39m
            [36m>[39m
              [36m<div[39m
                [33mclass[39m=[32m"card-title-icon"[39m
              [36m>[39m
                [36m<svg[39m
                  [33maria-hidden[39m=[32m"true"[39m
                  [33mclass[39m=[32m"lucide lucide-truck icon-sm"[39m
                  [33mfill[39m=[32m"none"[39m
                  [33mheight[39m=[32m"24"[39m
                  [33mstroke[39m=[32m"currentColor"[39m
                  [33mstroke-linecap[39m=[32m"round"[39m
                  [33mstroke-linejoin[39m=[32m"round"[39m
                  [33mstroke-width[39m=[32m"2"[39m
                  [33mviewBox[39m=[32m"0 0 24 24"[39m
                  [33mwidth[39m=[32m"24"[39m
                  [33mxmlns[39m=[32m"http://www.w3.org/2000/svg"[39m
                [36m>[39m
                  [36m<path[39m
                    [33md[39m=[32m"M14 18V6a2 2 0 0 0-2-2H4a2 2 0 0 0-2 2v11a1 1 0 0 0 1 1h2"[39m
                  [36m/>[39m
                  [36m<path[39m
                    [33md[39m=[32m"M15 18H9"[39m
                  [36m/>[39m
                  [36m<path[39m
                    [33md[39m=[32m"M19 18h2a1 1 0 0 0 1-1v-3.65a1 1 0 0 0-.22-.624l-3.48-4.35A1 1 0 0 0 17.52 
8H14"[39m
                  [36m/>[39m
                  [36m<circle[39m
                    [33mcx[39m=[32m"17"[39m
                    [33mcy[39m=[32m"18"[39m
                    [33mr[39m=[32m"2"[39m
                  [36m/>[39m
                  [36m<circle[39m
                    [33mcx[39m=[32m"7"[39m
                    [33mcy[39m=[32m"18"[39m
                    [33mr[39m=[32m"2"[39m
                  [36m/>[39m
                [36m</svg>[39m
              [36m</div>[39m
              [36m<h3>[39m
                [0m1. Delivery Availability & Pincode[0m
              [36m</h3>[39m
            [36m</div>[39m
            [36m<div[39m

[2m Test Files [22m [1m[31m1 failed[39m[22m[90m (1)[39m
[2m      Tests [22m [1m[31m4 failed[39m[22m[2m | [22m[1m[32m4 passed[39m[22m[90m (8)[39m
[2m   Start at [22m 13:57:28
[2m   Duration [22m 2.63s[2m (transform 132ms, setup 241ms, import 337ms, tests 676ms, environment 1.17s)[22m

              [33mclass[39m=[32m"pincode-checker-box"[39m
            [36m>[39m
              [36m<p[39m
                [33mstyle[39m=[32m"font-size: 0.9rem; color: var(--text-muted); margin-bottom: 4px;"[39m
              [36m>[39m
                [0mEnter your delivery pincode to check service availability. Enjoy static guaranteed 5-day delivery 
on all orders.[0m
              [36m</p>[39m
              [36m<form[39m
                [33mclass[39m=[32m"pincode-input-row"[39m
              [36m>[39m
                [36m<input[39m
                  [33mclass[39m=[32m"checkout-input"[39m
                  [33mmaxlength[39m=[32m"6"[39m
                  [33mplaceholder[39m=[32m"Enter 6-digit Pincode (e.g. 201301)"[39m
                  [33mtype[39m=[32m"text"[39m
                  [33mvalue[39m=[32m""[39m
                [36m/>[39m
                [36m<button[39m
                  [33mclass[39m=[32m"btn btn-primary"[39m
                  [33mstyle[39m=[32m"border-radius: var(--radius-sm);"[39m
                  [33mtype[39m=[32m"submit"[39m
                [36m>[39m
                  [0mCheck[0m
                [36m</button>[39m
              [36m</form>[39m
              [36m<div[39m
                [33mclass[39m=[32m"delivery-badge-card"[39m
              [36m>[39m
                [36m<svg[39m
                  [33maria-hidden[39m=[32m"true"[39m
                  [33mclass[39m=[32m"lucide lucide-calendar icon-sm"[39m
                  [33mfill[39m=[32m"none"[39m
                  [33mheight[39m=[32m"24"[39m
                  [33mstroke[39m=[32m"currentColor"[39m
                  [33mstroke-linecap[39m=[32m"round"[39m
                  [33mstroke-linejoin[39m=[32m"round"[39m
                  [33mstroke-width[39m=[32m"2"[39m
                  [33mstyle[39m=[32m"color: var(--accent-color);"[39m
                  [33mviewBox[39m=[32m"0 0 24 24"[39m
                  [33mwidth[39m=[32m"24"[39m
                  [33mxmlns[39m=[32m"http://www.w3.org/2000/svg"[39m
                [36m>[39m
                  [36m<path[39m
                    [33md[39m=[32m"M8 2v4"[39m
                  [36m/>[39m
                  [36m<path[39m
                    [33md[39m=[32m"M16 2v4"[39m
                  [36m/>[39m
                  [36m<rect[39m
                    [33mheight[39m=[32m"18"[39m
                    [33mrx[39m=[32m"2"[39m
                    [33mwidth[39m=[32m"18"[3...
[90m [2mΓ¥»[22m Object.getElementError node_modules/@testing-library/dom/dist/config.js:[2m37:19[22m[39m
[90m [2mΓ¥»[22m node_modules/@testing-library/dom/dist/query-helpers.js:[2m76:38[22m[39m
[90m [2mΓ¥»[22m node_modules/@testing-library/dom/dist/query-helpers.js:[2m109:15[22m[39m
[36m [2mΓ¥»[22m src/pages/test/Checkout.test.jsx:[2m437:19[22m[39m
    [90m435|[39m     expect(screen.getByText(/Thank you for shopping with Aurora Goods/ΓÇª
    [90m436|[39m     
[34mexpect[39m(screen[33m.[39m[34mgetByText[39m([36m/AUR-2026-/i[39m))[33m.[39m[34mtoBeInTheDocument[39m()
    [90m437|[39m     expect(screen.getAllByText('Prateek Sharma').length).toBeGreaterThΓÇª
    [90m   |[39m                   [31m^[39m
    [90m438|[39m
    [90m439|[39m     const continueBtn = screen.getByRole('button', { name: 'Continue SΓÇª

[31m[2mΓÄ»ΓÄ»ΓÄ»ΓÄ»ΓÄ»ΓÄ»ΓÄ»ΓÄ»ΓÄ»ΓÄ»ΓÄ»ΓÄ»ΓÄ»ΓÄ»ΓÄ»ΓÄ»ΓÄ»ΓÄ»ΓÄ»ΓÄ»ΓÄ»ΓÄ»ΓÄ»ΓÄ»[4/4]ΓÄ»[22m[39m

